
  [32m[1mVITE[22m v5.4.21[39m  [2mready in [0m[1m758[22m[2m[0m ms[22m

  [32m➜[39m  [1mLocal[22m:   [36mhttp://localhost:[1m5173[22m/[39m
  [32m➜[39m  [1mNetwork[22m: [36mhttp://192.168.8.105:[1m5173[22m/[39m
prisma:query SELECT `cnc_manage`.`users`.`id`, `cnc_manage`.`users`.`username`, `cnc_manage`.`users`.`displayName`, `cnc_manage`.`users`.`role` FROM `cnc_manage`.`users` WHERE (`cnc_manage`.`users`.`id` = ? AND 1=1) LIMIT ? OFFSET ?
09:20:55 [vite-plugin-svelte] C:/Users/MKing/Documents/cnc-web-manage/src/routes/app/+layout.svelte:81:12 A11y: visible, non-interactive elements with an on:click event must be accompanied by a keyboard event handler. Consider whether an interactive element such as <button type="button"> or <a> might be more appropriate. See https://svelte.dev/docs/accessibility-warnings#a11y-click-events-have-key-events for more details.
09:20:55 [vite-plugin-svelte] C:/Users/MKing/Documents/cnc-web-manage/src/routes/app/+layout.svelte:81:12 A11y: <div> with click, contextmenu handlers must have an ARIA role
prisma:query SELECT `cnc_manage`.`users`.`id`, `cnc_manage`.`users`.`username`, `cnc_manage`.`users`.`displayName`, `cnc_manage`.`users`.`role` FROM `cnc_manage`.`users` WHERE (`cnc_manage`.`users`.`id` = ? AND 1=1) LIMIT ? OFFSET ?
prisma:query SELECT `cnc_manage`.`users`.`id`, `cnc_manage`.`users`.`username`, `cnc_manage`.`users`.`displayName`, `cnc_manage`.`users`.`role` FROM `cnc_manage`.`users` WHERE (`cnc_manage`.`users`.`id` = ? AND 1=1) LIMIT ? OFFSET ?
prisma:query SELECT COUNT(*) FROM (SELECT `cnc_manage`.`tools`.`id` FROM `cnc_manage`.`tools` WHERE (`cnc_manage`.`tools`.`quantity` <= ? AND `cnc_manage`.`tools`.`status` <> ?)) AS `sub`
prisma:query SELECT COUNT(*) FROM (SELECT `cnc_manage`.`tools`.`id` FROM `cnc_manage`.`tools` WHERE `cnc_manage`.`tools`.`status` = ?) AS `sub`
prisma:query SELECT COUNT(*) FROM (SELECT `cnc_manage`.`tools`.`id` FROM `cnc_manage`.`tools` WHERE `cnc_manage`.`tools`.`status` = ?) AS `sub`
prisma:query SELECT `cnc_manage`.`maintenance_records`.`id`, `cnc_manage`.`maintenance_records`.`toolId`, `cnc_manage`.`maintenance_records`.`status`, `cnc_manage`.`maintenance_records`.`description`, `cnc_manage`.`maintenance_records`.`cost`, `cnc_manage`.`maintenance_records`.`repairVendor`, `cnc_manage`.`maintenance_records`.`reporterId`, `cnc_manage`.`maintenance_records`.`completedAt`, `cnc_manage`.`maintenance_records`.`notes`, `cnc_manage`.`maintenance_records`.`createdAt` FROM `cnc_manage`.`maintenance_records` WHERE 1=1 ORDER BY `cnc_manage`.`maintenance_records`.`createdAt` DESC LIMIT ? OFFSET ?
prisma:query SELECT `cnc_manage`.`factories`.`id`, `cnc_manage`.`factories`.`name`, `cnc_manage`.`factories`.`code`, `cnc_manage`.`factories`.`description`, `cnc_manage`.`factories`.`createdAt`, `cnc_manage`.`factories`.`updatedAt` FROM `cnc_manage`.`factories` WHERE 1=1
prisma:query SELECT COUNT(*) FROM (SELECT `cnc_manage`.`tools`.`id` FROM `cnc_manage`.`tools` WHERE `cnc_manage`.`tools`.`status` <> ?) AS `sub`
prisma:query SELECT `cnc_manage`.`tool_transactions`.`id`, `cnc_manage`.`tool_transactions`.`toolId`, `cnc_manage`.`tool_transactions`.`type`, `cnc_manage`.`tool_transactions`.`quantity`, `cnc_manage`.`tool_transactions`.`factoryId`, `cnc_manage`.`tool_transactions`.`operatorId`, `cnc_manage`.`tool_transactions`.`referenceNo`, `cnc_manage`.`tool_transactions`.`notes`, `cnc_manage`.`tool_transactions`.`createdAt` FROM `cnc_manage`.`tool_transactions` WHERE 1=1 ORDER BY `cnc_manage`.`tool_transactions`.`createdAt` DESC LIMIT ? OFFSET ?
prisma:query SELECT `cnc_manage`.`tools`.`id`, `cnc_manage`.`tools`.`toolCode`, `cnc_manage`.`tools`.`name` FROM `cnc_manage`.`tools` WHERE `cnc_manage`.`tools`.`id` IN (?)
prisma:query SELECT `cnc_manage`.`tool_transactions`.`id`, `cnc_manage`.`tool_transactions`.`quantity`, `cnc_manage`.`tool_transactions`.`factoryId` FROM `cnc_manage`.`tool_transactions` WHERE (`cnc_manage`.`tool_transactions`.`type` = ? AND `cnc_manage`.`tool_transactions`.`factoryId` IN (?))
prisma:query SELECT `cnc_manage`.`tools`.`id`, `cnc_manage`.`tools`.`toolCode`, `cnc_manage`.`tools`.`name` FROM `cnc_manage`.`tools` WHERE `cnc_manage`.`tools`.`id` IN (?,?,?,?,?)
09:21:02 [vite-plugin-svelte] C:/Users/MKing/Documents/cnc-web-manage/src/routes/app/tools/+page.svelte:145:6 A11y: A form label must be associated with a control.
09:21:02 [vite-plugin-svelte] C:/Users/MKing/Documents/cnc-web-manage/src/routes/app/tools/+page.svelte:149:6 A11y: A form label must be associated with a control.
09:21:02 [vite-plugin-svelte] C:/Users/MKing/Documents/cnc-web-manage/src/routes/app/tools/+page.svelte:158:6 A11y: A form label must be associated with a control.
09:21:02 [vite-plugin-svelte] C:/Users/MKing/Documents/cnc-web-manage/src/routes/app/tools/+page.svelte:167:6 A11y: A form label must be associated with a control.
09:21:02 [vite-plugin-svelte] C:/Users/MKing/Documents/cnc-web-manage/src/lib/components/ui/Modal.svelte:21:2 A11y: visible, non-interactive elements with an on:click event must be accompanied by a keyboard event handler. Consider whether an interactive element such as <button type="button"> or <a> might be more appropriate. See https://svelte.dev/docs/accessibility-warnings#a11y-click-events-have-key-events for more details.
09:21:02 [vite-plugin-svelte] C:/Users/MKing/Documents/cnc-web-manage/src/lib/components/ui/Modal.svelte:21:2 A11y: <div> with click handler must have an ARIA role
prisma:query SELECT `cnc_manage`.`users`.`id`, `cnc_manage`.`users`.`username`, `cnc_manage`.`users`.`displayName`, `cnc_manage`.`users`.`role` FROM `cnc_manage`.`users` WHERE (`cnc_manage`.`users`.`id` = ? AND 1=1) LIMIT ? OFFSET ?
prisma:query SELECT `cnc_manage`.`locations`.`id`, `cnc_manage`.`locations`.`code`, `cnc_manage`.`locations`.`name`, `cnc_manage`.`locations`.`description`, `cnc_manage`.`locations`.`createdAt`, `cnc_manage`.`locations`.`updatedAt` FROM `cnc_manage`.`locations` WHERE 1=1 ORDER BY `cnc_manage`.`locations`.`code` ASC
prisma:query SELECT `cnc_manage`.`tool_categories`.`id`, `cnc_manage`.`tool_categories`.`code`, `cnc_manage`.`tool_categories`.`name`, `cnc_manage`.`tool_categories`.`description`, `cnc_manage`.`tool_categories`.`counter`, `cnc_manage`.`tool_categories`.`createdAt`, `cnc_manage`.`tool_categories`.`updatedAt` FROM `cnc_manage`.`tool_categories` WHERE 1=1 ORDER BY `cnc_manage`.`tool_categories`.`code` ASC
prisma:query SELECT COUNT(*) FROM (SELECT `cnc_manage`.`tools`.`id` FROM `cnc_manage`.`tools` WHERE 1=1) AS `sub`
prisma:query SELECT `cnc_manage`.`tools`.`id`, `cnc_manage`.`tools`.`toolCode`, `cnc_manage`.`tools`.`name`, `cnc_manage`.`tools`.`specification`, `cnc_manage`.`tools`.`specId`, `cnc_manage`.`tools`.`material`, `cnc_manage`.`tools`.`brand`, `cnc_manage`.`tools`.`categoryId`, `cnc_manage`.`tools`.`locationId`, `cnc_manage`.`tools`.`quantity`, `cnc_manage`.`tools`.`minQuantity`, `cnc_manage`.`tools`.`maintenanceCount`, `cnc_manage`.`tools`.`unit`, `cnc_manage`.`tools`.`price`, `cnc_manage`.`tools`.`status`, `cnc_manage`.`tools`.`notes`, `cnc_manage`.`tools`.`createdAt`, `cnc_manage`.`tools`.`updatedAt` FROM `cnc_manage`.`tools` WHERE 1=1 ORDER BY `cnc_manage`.`tools`.`createdAt` DESC LIMIT ? OFFSET ?
prisma:query SELECT `cnc_manage`.`tool_categories`.`id`, `cnc_manage`.`tool_categories`.`code`, `cnc_manage`.`tool_categories`.`name`, `cnc_manage`.`tool_categories`.`description`, `cnc_manage`.`tool_categories`.`counter`, `cnc_manage`.`tool_categories`.`createdAt`, `cnc_manage`.`tool_categories`.`updatedAt` FROM `cnc_manage`.`tool_categories` WHERE `cnc_manage`.`tool_categories`.`id` IN (?,?,?,?)
prisma:query SELECT `cnc_manage`.`locations`.`id`, `cnc_manage`.`locations`.`code`, `cnc_manage`.`locations`.`name`, `cnc_manage`.`locations`.`description`, `cnc_manage`.`locations`.`createdAt`, `cnc_manage`.`locations`.`updatedAt` FROM `cnc_manage`.`locations` WHERE `cnc_manage`.`locations`.`id` IN (?)
09:21:03 [vite-plugin-svelte] C:/Users/MKing/Documents/cnc-web-manage/src/routes/app/maintenance/+page.svelte:143:6 A11y: A form label must be associated with a control.
09:21:03 [vite-plugin-svelte] C:/Users/MKing/Documents/cnc-web-manage/src/routes/app/maintenance/+page.svelte:147:6 A11y: A form label must be associated with a control.
09:21:03 [vite-plugin-svelte] C:/Users/MKing/Documents/cnc-web-manage/src/routes/app/maintenance/+page.svelte:204:10 A11y: A form label must be associated with a control.
09:21:03 [vite-plugin-svelte] C:/Users/MKing/Documents/cnc-web-manage/src/routes/app/maintenance/+page.svelte:213:10 A11y: A form label must be associated with a control.
09:21:03 [vite-plugin-svelte] C:/Users/MKing/Documents/cnc-web-manage/src/routes/app/maintenance/+page.svelte:222:10 A11y: A form label must be associated with a control.
09:21:03 [vite-plugin-svelte] C:/Users/MKing/Documents/cnc-web-manage/src/routes/app/maintenance/+page.svelte:371:6 A11y: A form label must be associated with a control.
09:21:03 [vite-plugin-svelte] C:/Users/MKing/Documents/cnc-web-manage/src/routes/app/maintenance/+page.svelte:380:6 A11y: A form label must be associated with a control.
09:21:03 [vite-plugin-svelte] C:/Users/MKing/Documents/cnc-web-manage/src/routes/app/maintenance/+page.svelte:390:6 A11y: A form label must be associated with a control.
09:21:03 [vite-plugin-svelte] C:/Users/MKing/Documents/cnc-web-manage/src/routes/app/maintenance/+page.svelte:394:6 A11y: A form label must be associated with a control.
prisma:query SELECT `cnc_manage`.`maintenance_records`.`id`, `cnc_manage`.`maintenance_records`.`toolId`, `cnc_manage`.`maintenance_records`.`status`, `cnc_manage`.`maintenance_records`.`description`, `cnc_manage`.`maintenance_records`.`cost`, `cnc_manage`.`maintenance_records`.`repairVendor`, `cnc_manage`.`maintenance_records`.`reporterId`, `cnc_manage`.`maintenance_records`.`completedAt`, `cnc_manage`.`maintenance_records`.`notes`, `cnc_manage`.`maintenance_records`.`createdAt` FROM `cnc_manage`.`maintenance_records` WHERE 1=1 ORDER BY `cnc_manage`.`maintenance_records`.`createdAt` DESC LIMIT ? OFFSET ?
prisma:query SELECT `cnc_manage`.`tools`.`id`, `cnc_manage`.`tools`.`toolCode`, `cnc_manage`.`tools`.`name` FROM `cnc_manage`.`tools` WHERE `cnc_manage`.`tools`.`id` IN (?)
prisma:query SELECT `cnc_manage`.`users`.`id`, `cnc_manage`.`users`.`displayName` FROM `cnc_manage`.`users` WHERE `cnc_manage`.`users`.`id` IN (?)
prisma:query SELECT `cnc_manage`.`repair_vendors`.`id`, `cnc_manage`.`repair_vendors`.`name`, `cnc_manage`.`repair_vendors`.`createdAt`, `cnc_manage`.`repair_vendors`.`updatedAt` FROM `cnc_manage`.`repair_vendors` WHERE 1=1 ORDER BY `cnc_manage`.`repair_vendors`.`name` ASC
prisma:query SELECT COUNT(`cnc_manage`.`maintenance_records`.`id`), SUM(`cnc_manage`.`maintenance_records`.`cost`), `cnc_manage`.`maintenance_records`.`repairVendor` FROM `cnc_manage`.`maintenance_records` WHERE (`cnc_manage`.`maintenance_records`.`createdAt` >= ? AND `cnc_manage`.`maintenance_records`.`createdAt` <= ? AND `cnc_manage`.`maintenance_records`.`repairVendor` IS NOT NULL) GROUP BY `cnc_manage`.`maintenance_records`.`repairVendor` ORDER BY COUNT(`cnc_manage`.`maintenance_records`.`id`) DESC
prisma:query SELECT COUNT(`cnc_manage`.`maintenance_records`.`id`), SUM(`cnc_manage`.`maintenance_records`.`cost`), `cnc_manage`.`maintenance_records`.`createdAt` FROM `cnc_manage`.`maintenance_records` WHERE `cnc_manage`.`maintenance_records`.`createdAt` >= ? GROUP BY `cnc_manage`.`maintenance_records`.`createdAt` ORDER BY `cnc_manage`.`maintenance_records`.`createdAt` DESC
prisma:query SELECT `cnc_manage`.`tools`.`id`, `cnc_manage`.`tools`.`toolCode`, `cnc_manage`.`tools`.`name`, `cnc_manage`.`tools`.`maintenanceCount` FROM `cnc_manage`.`tools` WHERE `cnc_manage`.`tools`.`maintenanceCount` > ? ORDER BY `cnc_manage`.`tools`.`maintenanceCount` DESC LIMIT ? OFFSET ?
prisma:query SELECT COUNT(*) FROM (SELECT `cnc_manage`.`maintenance_records`.`id` FROM `cnc_manage`.`maintenance_records` WHERE (`cnc_manage`.`maintenance_records`.`createdAt` >= ? AND `cnc_manage`.`maintenance_records`.`createdAt` <= ?)) AS `sub`
prisma:query SELECT COUNT(*) FROM (SELECT `cnc_manage`.`maintenance_records`.`id` FROM `cnc_manage`.`maintenance_records` WHERE (`cnc_manage`.`maintenance_records`.`createdAt` >= ? AND `cnc_manage`.`maintenance_records`.`createdAt` <= ? AND `cnc_manage`.`maintenance_records`.`status` = ?)) AS `sub`
prisma:query SELECT `cnc_manage`.`stocktakings`.`id`, `cnc_manage`.`stocktakings`.`stocktakingNo`, `cnc_manage`.`stocktakings`.`status`, `cnc_manage`.`stocktakings`.`operatorId`, `cnc_manage`.`stocktakings`.`completedAt`, `cnc_manage`.`stocktakings`.`notes`, `cnc_manage`.`stocktakings`.`createdAt`, COALESCE(`aggr_selection_0_StocktakingItem`.`_aggr_count_items`, 0) AS `_aggr_count_items` FROM `cnc_manage`.`stocktakings` LEFT JOIN (SELECT `cnc_manage`.`stocktaking_items`.`stocktakingId`, COUNT(*) AS `_aggr_count_items` FROM `cnc_manage`.`stocktaking_items` WHERE 1=1 GROUP BY `cnc_manage`.`stocktaking_items`.`stocktakingId`) AS `aggr_selection_0_StocktakingItem` ON (`cnc_manage`.`stocktakings`.`id` = `aggr_selection_0_StocktakingItem`.`stocktakingId`) WHERE 1=1 ORDER BY `cnc_manage`.`stocktakings`.`createdAt` DESC LIMIT ? OFFSET ?
prisma:query SELECT `cnc_manage`.`users`.`id`, `cnc_manage`.`users`.`displayName` FROM `cnc_manage`.`users` WHERE `cnc_manage`.`users`.`id` IN (?)
09:21:04 [vite-plugin-svelte] C:/Users/MKing/Documents/cnc-web-manage/src/routes/app/settings/+page.svelte:450:9 A11y: A form label must be associated with a control.
09:21:04 [vite-plugin-svelte] C:/Users/MKing/Documents/cnc-web-manage/src/routes/app/settings/+page.svelte:451:9 A11y: A form label must be associated with a control.
09:21:04 [vite-plugin-svelte] C:/Users/MKing/Documents/cnc-web-manage/src/routes/app/settings/+page.svelte:452:9 A11y: A form label must be associated with a control.
09:21:04 [vite-plugin-svelte] C:/Users/MKing/Documents/cnc-web-manage/src/routes/app/settings/+page.svelte:459:9 A11y: A form label must be associated with a control.
09:21:04 [vite-plugin-svelte] C:/Users/MKing/Documents/cnc-web-manage/src/routes/app/settings/+page.svelte:460:9 A11y: A form label must be associated with a control.
09:21:04 [vite-plugin-svelte] C:/Users/MKing/Documents/cnc-web-manage/src/routes/app/settings/+page.svelte:461:9 A11y: A form label must be associated with a control.
09:21:04 [vite-plugin-svelte] C:/Users/MKing/Documents/cnc-web-manage/src/routes/app/settings/+page.svelte:468:9 A11y: A form label must be associated with a control.
09:21:04 [vite-plugin-svelte] C:/Users/MKing/Documents/cnc-web-manage/src/routes/app/settings/+page.svelte:475:9 A11y: A form label must be associated with a control.
09:21:04 [vite-plugin-svelte] C:/Users/MKing/Documents/cnc-web-manage/src/routes/app/settings/+page.svelte:476:9 A11y: A form label must be associated with a control.
09:21:04 [vite-plugin-svelte] C:/Users/MKing/Documents/cnc-web-manage/src/routes/app/settings/+page.svelte:477:9 A11y: A form label must be associated with a control.
09:21:04 [vite-plugin-svelte] C:/Users/MKing/Documents/cnc-web-manage/src/routes/app/settings/+page.svelte:484:9 A11y: A form label must be associated with a control.
09:21:04 [vite-plugin-svelte] C:/Users/MKing/Documents/cnc-web-manage/src/routes/app/settings/+page.svelte:485:9 A11y: A form label must be associated with a control.
09:21:04 [vite-plugin-svelte] C:/Users/MKing/Documents/cnc-web-manage/src/routes/app/settings/+page.svelte:502:9 A11y: A form label must be associated with a control.
09:21:04 [vite-plugin-svelte] C:/Users/MKing/Documents/cnc-web-manage/src/routes/app/settings/+page.svelte:503:9 A11y: A form label must be associated with a control.
09:21:04 [vite-plugin-svelte] C:/Users/MKing/Documents/cnc-web-manage/src/routes/app/settings/+page.svelte:504:9 A11y: A form label must be associated with a control.
09:21:04 [vite-plugin-svelte] C:/Users/MKing/Documents/cnc-web-manage/src/routes/app/settings/+page.svelte:505:9 A11y: A form label must be associated with a control.
prisma:query SELECT `cnc_manage`.`tool_categories`.`id`, `cnc_manage`.`tool_categories`.`code`, `cnc_manage`.`tool_categories`.`name`, `cnc_manage`.`tool_categories`.`description`, `cnc_manage`.`tool_categories`.`counter`, `cnc_manage`.`tool_categories`.`createdAt`, `cnc_manage`.`tool_categories`.`updatedAt` FROM `cnc_manage`.`tool_categories` WHERE 1=1 ORDER BY `cnc_manage`.`tool_categories`.`code` ASC
prisma:query SELECT `cnc_manage`.`locations`.`id`, `cnc_manage`.`locations`.`code`, `cnc_manage`.`locations`.`name`, `cnc_manage`.`locations`.`description`, `cnc_manage`.`locations`.`createdAt`, `cnc_manage`.`locations`.`updatedAt` FROM `cnc_manage`.`locations` WHERE 1=1 ORDER BY `cnc_manage`.`locations`.`code` ASC
prisma:query SELECT `cnc_manage`.`repair_vendors`.`id`, `cnc_manage`.`repair_vendors`.`name`, `cnc_manage`.`repair_vendors`.`createdAt`, `cnc_manage`.`repair_vendors`.`updatedAt` FROM `cnc_manage`.`repair_vendors` WHERE 1=1 ORDER BY `cnc_manage`.`repair_vendors`.`name` ASC
prisma:query SELECT `cnc_manage`.`specs`.`id`, `cnc_manage`.`specs`.`name`, `cnc_manage`.`specs`.`categoryId`, `cnc_manage`.`specs`.`createdAt`, `cnc_manage`.`specs`.`updatedAt` FROM `cnc_manage`.`specs` WHERE 1=1 ORDER BY `cnc_manage`.`specs`.`name` ASC
prisma:query SELECT `cnc_manage`.`factories`.`id`, `cnc_manage`.`factories`.`name`, `cnc_manage`.`factories`.`code`, `cnc_manage`.`factories`.`description`, `cnc_manage`.`factories`.`createdAt`, `cnc_manage`.`factories`.`updatedAt` FROM `cnc_manage`.`factories` WHERE 1=1 ORDER BY `cnc_manage`.`factories`.`code` ASC
prisma:query SELECT `cnc_manage`.`users`.`id`, `cnc_manage`.`users`.`username`, `cnc_manage`.`users`.`displayName`, `cnc_manage`.`users`.`role`, `cnc_manage`.`users`.`active`, `cnc_manage`.`users`.`createdAt` FROM `cnc_manage`.`users` WHERE 1=1 ORDER BY `cnc_manage`.`users`.`createdAt` ASC
prisma:query SELECT COUNT(*) FROM (SELECT `cnc_manage`.`tools`.`id` FROM `cnc_manage`.`tools` WHERE `cnc_manage`.`tools`.`status` <> ?) AS `sub`
prisma:query SELECT `cnc_manage`.`factories`.`id`, `cnc_manage`.`factories`.`name`, `cnc_manage`.`factories`.`code`, `cnc_manage`.`factories`.`description`, `cnc_manage`.`factories`.`createdAt`, `cnc_manage`.`factories`.`updatedAt` FROM `cnc_manage`.`factories` WHERE 1=1
prisma:query SELECT `cnc_manage`.`tool_transactions`.`id`, `cnc_manage`.`tool_transactions`.`toolId`, `cnc_manage`.`tool_transactions`.`type`, `cnc_manage`.`tool_transactions`.`quantity`, `cnc_manage`.`tool_transactions`.`factoryId`, `cnc_manage`.`tool_transactions`.`operatorId`, `cnc_manage`.`tool_transactions`.`referenceNo`, `cnc_manage`.`tool_transactions`.`notes`, `cnc_manage`.`tool_transactions`.`createdAt` FROM `cnc_manage`.`tool_transactions` WHERE 1=1 ORDER BY `cnc_manage`.`tool_transactions`.`createdAt` DESC LIMIT ? OFFSET ?
prisma:query SELECT COUNT(*) FROM (SELECT `cnc_manage`.`tools`.`id` FROM `cnc_manage`.`tools` WHERE (`cnc_manage`.`tools`.`quantity` <= ? AND `cnc_manage`.`tools`.`status` <> ?)) AS `sub`
prisma:query SELECT COUNT(*) FROM (SELECT `cnc_manage`.`tools`.`id` FROM `cnc_manage`.`tools` WHERE `cnc_manage`.`tools`.`status` = ?) AS `sub`
prisma:query SELECT COUNT(*) FROM (SELECT `cnc_manage`.`tools`.`id` FROM `cnc_manage`.`tools` WHERE `cnc_manage`.`tools`.`status` = ?) AS `sub`
prisma:query SELECT `cnc_manage`.`maintenance_records`.`id`, `cnc_manage`.`maintenance_records`.`toolId`, `cnc_manage`.`maintenance_records`.`status`, `cnc_manage`.`maintenance_records`.`description`, `cnc_manage`.`maintenance_records`.`cost`, `cnc_manage`.`maintenance_records`.`repairVendor`, `cnc_manage`.`maintenance_records`.`reporterId`, `cnc_manage`.`maintenance_records`.`completedAt`, `cnc_manage`.`maintenance_records`.`notes`, `cnc_manage`.`maintenance_records`.`createdAt` FROM `cnc_manage`.`maintenance_records` WHERE 1=1 ORDER BY `cnc_manage`.`maintenance_records`.`createdAt` DESC LIMIT ? OFFSET ?
prisma:query SELECT `cnc_manage`.`tools`.`id`, `cnc_manage`.`tools`.`toolCode`, `cnc_manage`.`tools`.`name` FROM `cnc_manage`.`tools` WHERE `cnc_manage`.`tools`.`id` IN (?,?,?,?,?)
prisma:query SELECT `cnc_manage`.`tool_transactions`.`id`, `cnc_manage`.`tool_transactions`.`quantity`, `cnc_manage`.`tool_transactions`.`factoryId` FROM `cnc_manage`.`tool_transactions` WHERE (`cnc_manage`.`tool_transactions`.`type` = ? AND `cnc_manage`.`tool_transactions`.`factoryId` IN (?))
prisma:query SELECT `cnc_manage`.`tools`.`id`, `cnc_manage`.`tools`.`toolCode`, `cnc_manage`.`tools`.`name` FROM `cnc_manage`.`tools` WHERE `cnc_manage`.`tools`.`id` IN (?)
prisma:query SELECT COUNT(*) FROM (SELECT `cnc_manage`.`tools`.`id` FROM `cnc_manage`.`tools` WHERE 1=1) AS `sub`
prisma:query SELECT `cnc_manage`.`tools`.`id`, `cnc_manage`.`tools`.`toolCode`, `cnc_manage`.`tools`.`name`, `cnc_manage`.`tools`.`specification`, `cnc_manage`.`tools`.`specId`, `cnc_manage`.`tools`.`material`, `cnc_manage`.`tools`.`brand`, `cnc_manage`.`tools`.`categoryId`, `cnc_manage`.`tools`.`locationId`, `cnc_manage`.`tools`.`quantity`, `cnc_manage`.`tools`.`minQuantity`, `cnc_manage`.`tools`.`maintenanceCount`, `cnc_manage`.`tools`.`unit`, `cnc_manage`.`tools`.`price`, `cnc_manage`.`tools`.`status`, `cnc_manage`.`tools`.`notes`, `cnc_manage`.`tools`.`createdAt`, `cnc_manage`.`tools`.`updatedAt` FROM `cnc_manage`.`tools` WHERE 1=1 ORDER BY `cnc_manage`.`tools`.`createdAt` DESC LIMIT ? OFFSET ?
prisma:query SELECT `cnc_manage`.`tool_categories`.`id`, `cnc_manage`.`tool_categories`.`code`, `cnc_manage`.`tool_categories`.`name`, `cnc_manage`.`tool_categories`.`description`, `cnc_manage`.`tool_categories`.`counter`, `cnc_manage`.`tool_categories`.`createdAt`, `cnc_manage`.`tool_categories`.`updatedAt` FROM `cnc_manage`.`tool_categories` WHERE `cnc_manage`.`tool_categories`.`id` IN (?,?,?,?)
prisma:query SELECT `cnc_manage`.`locations`.`id`, `cnc_manage`.`locations`.`code`, `cnc_manage`.`locations`.`name`, `cnc_manage`.`locations`.`description`, `cnc_manage`.`locations`.`createdAt`, `cnc_manage`.`locations`.`updatedAt` FROM `cnc_manage`.`locations` WHERE `cnc_manage`.`locations`.`id` IN (?)
prisma:query SELECT `cnc_manage`.`tool_categories`.`id`, `cnc_manage`.`tool_categories`.`code`, `cnc_manage`.`tool_categories`.`name`, `cnc_manage`.`tool_categories`.`description`, `cnc_manage`.`tool_categories`.`counter`, `cnc_manage`.`tool_categories`.`createdAt`, `cnc_manage`.`tool_categories`.`updatedAt` FROM `cnc_manage`.`tool_categories` WHERE 1=1 ORDER BY `cnc_manage`.`tool_categories`.`code` ASC
prisma:query SELECT `cnc_manage`.`locations`.`id`, `cnc_manage`.`locations`.`code`, `cnc_manage`.`locations`.`name`, `cnc_manage`.`locations`.`description`, `cnc_manage`.`locations`.`createdAt`, `cnc_manage`.`locations`.`updatedAt` FROM `cnc_manage`.`locations` WHERE 1=1 ORDER BY `cnc_manage`.`locations`.`code` ASC
prisma:query SELECT `cnc_manage`.`users`.`id`, `cnc_manage`.`users`.`username`, `cnc_manage`.`users`.`displayName`, `cnc_manage`.`users`.`role` FROM `cnc_manage`.`users` WHERE (`cnc_manage`.`users`.`id` = ? AND 1=1) LIMIT ? OFFSET ?
prisma:query SELECT 1
prisma:query SELECT 1
prisma:query SELECT 1
prisma:query SELECT 1
prisma:query SELECT 1
prisma:query SELECT 1
prisma:query SELECT 1
prisma:query SELECT `cnc_manage`.`tool_transactions`.`id`, `cnc_manage`.`tool_transactions`.`toolId`, `cnc_manage`.`tool_transactions`.`type`, `cnc_manage`.`tool_transactions`.`quantity`, `cnc_manage`.`tool_transactions`.`factoryId`, `cnc_manage`.`tool_transactions`.`operatorId`, `cnc_manage`.`tool_transactions`.`referenceNo`, `cnc_manage`.`tool_transactions`.`notes`, `cnc_manage`.`tool_transactions`.`createdAt` FROM `cnc_manage`.`tool_transactions` WHERE 1=1 ORDER BY `cnc_manage`.`tool_transactions`.`createdAt` DESC LIMIT ? OFFSET ?
prisma:query SELECT `cnc_manage`.`maintenance_records`.`id`, `cnc_manage`.`maintenance_records`.`toolId`, `cnc_manage`.`maintenance_records`.`status`, `cnc_manage`.`maintenance_records`.`description`, `cnc_manage`.`maintenance_records`.`cost`, `cnc_manage`.`maintenance_records`.`repairVendor`, `cnc_manage`.`maintenance_records`.`reporterId`, `cnc_manage`.`maintenance_records`.`completedAt`, `cnc_manage`.`maintenance_records`.`notes`, `cnc_manage`.`maintenance_records`.`createdAt` FROM `cnc_manage`.`maintenance_records` WHERE 1=1 ORDER BY `cnc_manage`.`maintenance_records`.`createdAt` DESC LIMIT ? OFFSET ?
prisma:query SELECT COUNT(*) FROM (SELECT `cnc_manage`.`tools`.`id` FROM `cnc_manage`.`tools` WHERE `cnc_manage`.`tools`.`status` = ?) AS `sub`
prisma:query SELECT COUNT(*) FROM (SELECT `cnc_manage`.`tools`.`id` FROM `cnc_manage`.`tools` WHERE `cnc_manage`.`tools`.`status` = ?) AS `sub`
prisma:query SELECT `cnc_manage`.`factories`.`id`, `cnc_manage`.`factories`.`name`, `cnc_manage`.`factories`.`code`, `cnc_manage`.`factories`.`description`, `cnc_manage`.`factories`.`createdAt`, `cnc_manage`.`factories`.`updatedAt` FROM `cnc_manage`.`factories` WHERE 1=1
prisma:query SELECT COUNT(*) FROM (SELECT `cnc_manage`.`tools`.`id` FROM `cnc_manage`.`tools` WHERE `cnc_manage`.`tools`.`status` <> ?) AS `sub`
prisma:query SELECT COUNT(*) FROM (SELECT `cnc_manage`.`tools`.`id` FROM `cnc_manage`.`tools` WHERE (`cnc_manage`.`tools`.`quantity` <= ? AND `cnc_manage`.`tools`.`status` <> ?)) AS `sub`
prisma:query SELECT `cnc_manage`.`tools`.`id`, `cnc_manage`.`tools`.`toolCode`, `cnc_manage`.`tools`.`name` FROM `cnc_manage`.`tools` WHERE `cnc_manage`.`tools`.`id` IN (?)
prisma:query SELECT `cnc_manage`.`tools`.`id`, `cnc_manage`.`tools`.`toolCode`, `cnc_manage`.`tools`.`name` FROM `cnc_manage`.`tools` WHERE `cnc_manage`.`tools`.`id` IN (?,?,?,?,?)
prisma:query SELECT `cnc_manage`.`tool_transactions`.`id`, `cnc_manage`.`tool_transactions`.`quantity`, `cnc_manage`.`tool_transactions`.`factoryId` FROM `cnc_manage`.`tool_transactions` WHERE (`cnc_manage`.`tool_transactions`.`type` = ? AND `cnc_manage`.`tool_transactions`.`factoryId` IN (?))
prisma:query SELECT COUNT(*) FROM (SELECT `cnc_manage`.`tools`.`id` FROM `cnc_manage`.`tools` WHERE 1=1) AS `sub`
prisma:query SELECT `cnc_manage`.`tools`.`id`, `cnc_manage`.`tools`.`toolCode`, `cnc_manage`.`tools`.`name`, `cnc_manage`.`tools`.`specification`, `cnc_manage`.`tools`.`specId`, `cnc_manage`.`tools`.`material`, `cnc_manage`.`tools`.`brand`, `cnc_manage`.`tools`.`categoryId`, `cnc_manage`.`tools`.`locationId`, `cnc_manage`.`tools`.`quantity`, `cnc_manage`.`tools`.`minQuantity`, `cnc_manage`.`tools`.`maintenanceCount`, `cnc_manage`.`tools`.`unit`, `cnc_manage`.`tools`.`price`, `cnc_manage`.`tools`.`status`, `cnc_manage`.`tools`.`notes`, `cnc_manage`.`tools`.`createdAt`, `cnc_manage`.`tools`.`updatedAt` FROM `cnc_manage`.`tools` WHERE 1=1 ORDER BY `cnc_manage`.`tools`.`createdAt` DESC LIMIT ? OFFSET ?
prisma:query SELECT `cnc_manage`.`tool_categories`.`id`, `cnc_manage`.`tool_categories`.`code`, `cnc_manage`.`tool_categories`.`name`, `cnc_manage`.`tool_categories`.`description`, `cnc_manage`.`tool_categories`.`counter`, `cnc_manage`.`tool_categories`.`createdAt`, `cnc_manage`.`tool_categories`.`updatedAt` FROM `cnc_manage`.`tool_categories` WHERE 1=1 ORDER BY `cnc_manage`.`tool_categories`.`code` ASC
prisma:query SELECT `cnc_manage`.`tool_categories`.`id`, `cnc_manage`.`tool_categories`.`code`, `cnc_manage`.`tool_categories`.`name`, `cnc_manage`.`tool_categories`.`description`, `cnc_manage`.`tool_categories`.`counter`, `cnc_manage`.`tool_categories`.`createdAt`, `cnc_manage`.`tool_categories`.`updatedAt` FROM `cnc_manage`.`tool_categories` WHERE `cnc_manage`.`tool_categories`.`id` IN (?,?,?,?)
prisma:query SELECT `cnc_manage`.`locations`.`id`, `cnc_manage`.`locations`.`code`, `cnc_manage`.`locations`.`name`, `cnc_manage`.`locations`.`description`, `cnc_manage`.`locations`.`createdAt`, `cnc_manage`.`locations`.`updatedAt` FROM `cnc_manage`.`locations` WHERE `cnc_manage`.`locations`.`id` IN (?)
prisma:query SELECT `cnc_manage`.`locations`.`id`, `cnc_manage`.`locations`.`code`, `cnc_manage`.`locations`.`name`, `cnc_manage`.`locations`.`description`, `cnc_manage`.`locations`.`createdAt`, `cnc_manage`.`locations`.`updatedAt` FROM `cnc_manage`.`locations` WHERE 1=1 ORDER BY `cnc_manage`.`locations`.`code` ASC
prisma:query SELECT `cnc_manage`.`users`.`id`, `cnc_manage`.`users`.`username`, `cnc_manage`.`users`.`displayName`, `cnc_manage`.`users`.`role` FROM `cnc_manage`.`users` WHERE (`cnc_manage`.`users`.`id` = ? AND 1=1) LIMIT ? OFFSET ?
prisma:query SELECT `cnc_manage`.`maintenance_records`.`id`, `cnc_manage`.`maintenance_records`.`toolId`, `cnc_manage`.`maintenance_records`.`status`, `cnc_manage`.`maintenance_records`.`description`, `cnc_manage`.`maintenance_records`.`cost`, `cnc_manage`.`maintenance_records`.`repairVendor`, `cnc_manage`.`maintenance_records`.`reporterId`, `cnc_manage`.`maintenance_records`.`completedAt`, `cnc_manage`.`maintenance_records`.`notes`, `cnc_manage`.`maintenance_records`.`createdAt` FROM `cnc_manage`.`maintenance_records` WHERE 1=1 ORDER BY `cnc_manage`.`maintenance_records`.`createdAt` DESC LIMIT ? OFFSET ?
prisma:query SELECT `cnc_manage`.`tools`.`id`, `cnc_manage`.`tools`.`toolCode`, `cnc_manage`.`tools`.`name` FROM `cnc_manage`.`tools` WHERE `cnc_manage`.`tools`.`id` IN (?)
prisma:query SELECT `cnc_manage`.`users`.`id`, `cnc_manage`.`users`.`displayName` FROM `cnc_manage`.`users` WHERE `cnc_manage`.`users`.`id` IN (?)
prisma:query SELECT `cnc_manage`.`repair_vendors`.`id`, `cnc_manage`.`repair_vendors`.`name`, `cnc_manage`.`repair_vendors`.`createdAt`, `cnc_manage`.`repair_vendors`.`updatedAt` FROM `cnc_manage`.`repair_vendors` WHERE 1=1 ORDER BY `cnc_manage`.`repair_vendors`.`name` ASC
prisma:query SELECT COUNT(`cnc_manage`.`maintenance_records`.`id`), SUM(`cnc_manage`.`maintenance_records`.`cost`), `cnc_manage`.`maintenance_records`.`repairVendor` FROM `cnc_manage`.`maintenance_records` WHERE (`cnc_manage`.`maintenance_records`.`createdAt` >= ? AND `cnc_manage`.`maintenance_records`.`createdAt` <= ? AND `cnc_manage`.`maintenance_records`.`repairVendor` IS NOT NULL) GROUP BY `cnc_manage`.`maintenance_records`.`repairVendor` ORDER BY COUNT(`cnc_manage`.`maintenance_records`.`id`) DESC
prisma:query SELECT COUNT(`cnc_manage`.`maintenance_records`.`id`), SUM(`cnc_manage`.`maintenance_records`.`cost`), `cnc_manage`.`maintenance_records`.`createdAt` FROM `cnc_manage`.`maintenance_records` WHERE `cnc_manage`.`maintenance_records`.`createdAt` >= ? GROUP BY `cnc_manage`.`maintenance_records`.`createdAt` ORDER BY `cnc_manage`.`maintenance_records`.`createdAt` DESC
prisma:query SELECT `cnc_manage`.`tools`.`id`, `cnc_manage`.`tools`.`toolCode`, `cnc_manage`.`tools`.`name`, `cnc_manage`.`tools`.`maintenanceCount` FROM `cnc_manage`.`tools` WHERE `cnc_manage`.`tools`.`maintenanceCount` > ? ORDER BY `cnc_manage`.`tools`.`maintenanceCount` DESC LIMIT ? OFFSET ?
prisma:query SELECT COUNT(*) FROM (SELECT `cnc_manage`.`maintenance_records`.`id` FROM `cnc_manage`.`maintenance_records` WHERE (`cnc_manage`.`maintenance_records`.`createdAt` >= ? AND `cnc_manage`.`maintenance_records`.`createdAt` <= ?)) AS `sub`
prisma:query SELECT COUNT(*) FROM (SELECT `cnc_manage`.`maintenance_records`.`id` FROM `cnc_manage`.`maintenance_records` WHERE (`cnc_manage`.`maintenance_records`.`createdAt` >= ? AND `cnc_manage`.`maintenance_records`.`createdAt` <= ? AND `cnc_manage`.`maintenance_records`.`status` = ?)) AS `sub`
prisma:query SELECT 1
prisma:query SELECT `cnc_manage`.`users`.`id`, `cnc_manage`.`users`.`username`, `cnc_manage`.`users`.`passwordHash`, `cnc_manage`.`users`.`role`, `cnc_manage`.`users`.`displayName`, `cnc_manage`.`users`.`active`, `cnc_manage`.`users`.`createdAt`, `cnc_manage`.`users`.`updatedAt` FROM `cnc_manage`.`users` WHERE (`cnc_manage`.`users`.`username` = ? AND 1=1) LIMIT ? OFFSET ?
prisma:query SELECT `cnc_manage`.`users`.`id`, `cnc_manage`.`users`.`username`, `cnc_manage`.`users`.`displayName`, `cnc_manage`.`users`.`role` FROM `cnc_manage`.`users` WHERE (`cnc_manage`.`users`.`id` = ? AND 1=1) LIMIT ? OFFSET ?
09:22:00 [vite-plugin-svelte] C:/Users/MKing/Documents/cnc-web-manage/src/routes/app/+layout.svelte:81:12 A11y: visible, non-interactive elements with an on:click event must be accompanied by a keyboard event handler. Consider whether an interactive element such as <button type="button"> or <a> might be more appropriate. See https://svelte.dev/docs/accessibility-warnings#a11y-click-events-have-key-events for more details.
09:22:00 [vite-plugin-svelte] C:/Users/MKing/Documents/cnc-web-manage/src/routes/app/+layout.svelte:81:12 A11y: <div> with click, contextmenu handlers must have an ARIA role
prisma:query SELECT 1
prisma:query SELECT 1
prisma:query SELECT 1
prisma:query SELECT 1
prisma:query SELECT 1
prisma:query SELECT 1
prisma:query SELECT COUNT(*) FROM (SELECT `cnc_manage`.`tools`.`id` FROM `cnc_manage`.`tools` WHERE (`cnc_manage`.`tools`.`quantity` <= ? AND `cnc_manage`.`tools`.`status` <> ?)) AS `sub`
prisma:query SELECT `cnc_manage`.`factories`.`id`, `cnc_manage`.`factories`.`name`, `cnc_manage`.`factories`.`code`, `cnc_manage`.`factories`.`description`, `cnc_manage`.`factories`.`createdAt`, `cnc_manage`.`factories`.`updatedAt` FROM `cnc_manage`.`factories` WHERE 1=1
prisma:query SELECT COUNT(*) FROM (SELECT `cnc_manage`.`tools`.`id` FROM `cnc_manage`.`tools` WHERE `cnc_manage`.`tools`.`status` = ?) AS `sub`
prisma:query SELECT `cnc_manage`.`tool_transactions`.`id`, `cnc_manage`.`tool_transactions`.`toolId`, `cnc_manage`.`tool_transactions`.`type`, `cnc_manage`.`tool_transactions`.`quantity`, `cnc_manage`.`tool_transactions`.`factoryId`, `cnc_manage`.`tool_transactions`.`operatorId`, `cnc_manage`.`tool_transactions`.`referenceNo`, `cnc_manage`.`tool_transactions`.`notes`, `cnc_manage`.`tool_transactions`.`createdAt` FROM `cnc_manage`.`tool_transactions` WHERE 1=1 ORDER BY `cnc_manage`.`tool_transactions`.`createdAt` DESC LIMIT ? OFFSET ?
prisma:query SELECT `cnc_manage`.`maintenance_records`.`id`, `cnc_manage`.`maintenance_records`.`toolId`, `cnc_manage`.`maintenance_records`.`status`, `cnc_manage`.`maintenance_records`.`description`, `cnc_manage`.`maintenance_records`.`cost`, `cnc_manage`.`maintenance_records`.`repairVendor`, `cnc_manage`.`maintenance_records`.`reporterId`, `cnc_manage`.`maintenance_records`.`completedAt`, `cnc_manage`.`maintenance_records`.`notes`, `cnc_manage`.`maintenance_records`.`createdAt` FROM `cnc_manage`.`maintenance_records` WHERE 1=1 ORDER BY `cnc_manage`.`maintenance_records`.`createdAt` DESC LIMIT ? OFFSET ?
prisma:query SELECT COUNT(*) FROM (SELECT `cnc_manage`.`tools`.`id` FROM `cnc_manage`.`tools` WHERE `cnc_manage`.`tools`.`status` <> ?) AS `sub`
prisma:query SELECT COUNT(*) FROM (SELECT `cnc_manage`.`tools`.`id` FROM `cnc_manage`.`tools` WHERE `cnc_manage`.`tools`.`status` = ?) AS `sub`
prisma:query SELECT `cnc_manage`.`tool_transactions`.`id`, `cnc_manage`.`tool_transactions`.`quantity`, `cnc_manage`.`tool_transactions`.`factoryId` FROM `cnc_manage`.`tool_transactions` WHERE (`cnc_manage`.`tool_transactions`.`type` = ? AND `cnc_manage`.`tool_transactions`.`factoryId` IN (?))
prisma:query SELECT `cnc_manage`.`tools`.`id`, `cnc_manage`.`tools`.`toolCode`, `cnc_manage`.`tools`.`name` FROM `cnc_manage`.`tools` WHERE `cnc_manage`.`tools`.`id` IN (?,?,?,?,?)
prisma:query SELECT `cnc_manage`.`tools`.`id`, `cnc_manage`.`tools`.`toolCode`, `cnc_manage`.`tools`.`name` FROM `cnc_manage`.`tools` WHERE `cnc_manage`.`tools`.`id` IN (?)
prisma:query SELECT `cnc_manage`.`users`.`id`, `cnc_manage`.`users`.`username`, `cnc_manage`.`users`.`displayName`, `cnc_manage`.`users`.`role` FROM `cnc_manage`.`users` WHERE (`cnc_manage`.`users`.`id` = ? AND 1=1) LIMIT ? OFFSET ?
prisma:query SELECT COUNT(*) FROM (SELECT `cnc_manage`.`tools`.`id` FROM `cnc_manage`.`tools` WHERE 1=1) AS `sub`
prisma:query SELECT `cnc_manage`.`tools`.`id`, `cnc_manage`.`tools`.`toolCode`, `cnc_manage`.`tools`.`name`, `cnc_manage`.`tools`.`specification`, `cnc_manage`.`tools`.`specId`, `cnc_manage`.`tools`.`material`, `cnc_manage`.`tools`.`brand`, `cnc_manage`.`tools`.`categoryId`, `cnc_manage`.`tools`.`locationId`, `cnc_manage`.`tools`.`quantity`, `cnc_manage`.`tools`.`minQuantity`, `cnc_manage`.`tools`.`maintenanceCount`, `cnc_manage`.`tools`.`unit`, `cnc_manage`.`tools`.`price`, `cnc_manage`.`tools`.`status`, `cnc_manage`.`tools`.`notes`, `cnc_manage`.`tools`.`createdAt`, `cnc_manage`.`tools`.`updatedAt` FROM `cnc_manage`.`tools` WHERE 1=1 ORDER BY `cnc_manage`.`tools`.`createdAt` DESC LIMIT ? OFFSET ?
prisma:query SELECT `cnc_manage`.`tool_categories`.`id`, `cnc_manage`.`tool_categories`.`code`, `cnc_manage`.`tool_categories`.`name`, `cnc_manage`.`tool_categories`.`description`, `cnc_manage`.`tool_categories`.`counter`, `cnc_manage`.`tool_categories`.`createdAt`, `cnc_manage`.`tool_categories`.`updatedAt` FROM `cnc_manage`.`tool_categories` WHERE `cnc_manage`.`tool_categories`.`id` IN (?,?,?,?)
prisma:query SELECT `cnc_manage`.`locations`.`id`, `cnc_manage`.`locations`.`code`, `cnc_manage`.`locations`.`name`, `cnc_manage`.`locations`.`description`, `cnc_manage`.`locations`.`createdAt`, `cnc_manage`.`locations`.`updatedAt` FROM `cnc_manage`.`locations` WHERE `cnc_manage`.`locations`.`id` IN (?)
prisma:query SELECT `cnc_manage`.`tool_categories`.`id`, `cnc_manage`.`tool_categories`.`code`, `cnc_manage`.`tool_categories`.`name`, `cnc_manage`.`tool_categories`.`description`, `cnc_manage`.`tool_categories`.`counter`, `cnc_manage`.`tool_categories`.`createdAt`, `cnc_manage`.`tool_categories`.`updatedAt` FROM `cnc_manage`.`tool_categories` WHERE 1=1 ORDER BY `cnc_manage`.`tool_categories`.`code` ASC
prisma:query SELECT `cnc_manage`.`locations`.`id`, `cnc_manage`.`locations`.`code`, `cnc_manage`.`locations`.`name`, `cnc_manage`.`locations`.`description`, `cnc_manage`.`locations`.`createdAt`, `cnc_manage`.`locations`.`updatedAt` FROM `cnc_manage`.`locations` WHERE 1=1 ORDER BY `cnc_manage`.`locations`.`code` ASC
prisma:query SELECT `cnc_manage`.`users`.`id`, `cnc_manage`.`users`.`username`, `cnc_manage`.`users`.`displayName`, `cnc_manage`.`users`.`role` FROM `cnc_manage`.`users` WHERE (`cnc_manage`.`users`.`id` = ? AND 1=1) LIMIT ? OFFSET ?
prisma:query SELECT `cnc_manage`.`maintenance_records`.`id`, `cnc_manage`.`maintenance_records`.`toolId`, `cnc_manage`.`maintenance_records`.`status`, `cnc_manage`.`maintenance_records`.`description`, `cnc_manage`.`maintenance_records`.`cost`, `cnc_manage`.`maintenance_records`.`repairVendor`, `cnc_manage`.`maintenance_records`.`reporterId`, `cnc_manage`.`maintenance_records`.`completedAt`, `cnc_manage`.`maintenance_records`.`notes`, `cnc_manage`.`maintenance_records`.`createdAt` FROM `cnc_manage`.`maintenance_records` WHERE 1=1 ORDER BY `cnc_manage`.`maintenance_records`.`createdAt` DESC LIMIT ? OFFSET ?
prisma:query SELECT `cnc_manage`.`tools`.`id`, `cnc_manage`.`tools`.`toolCode`, `cnc_manage`.`tools`.`name` FROM `cnc_manage`.`tools` WHERE `cnc_manage`.`tools`.`id` IN (?)
prisma:query SELECT `cnc_manage`.`users`.`id`, `cnc_manage`.`users`.`displayName` FROM `cnc_manage`.`users` WHERE `cnc_manage`.`users`.`id` IN (?)
prisma:query SELECT `cnc_manage`.`repair_vendors`.`id`, `cnc_manage`.`repair_vendors`.`name`, `cnc_manage`.`repair_vendors`.`createdAt`, `cnc_manage`.`repair_vendors`.`updatedAt` FROM `cnc_manage`.`repair_vendors` WHERE 1=1 ORDER BY `cnc_manage`.`repair_vendors`.`name` ASC
prisma:query SELECT COUNT(`cnc_manage`.`maintenance_records`.`id`), SUM(`cnc_manage`.`maintenance_records`.`cost`), `cnc_manage`.`maintenance_records`.`repairVendor` FROM `cnc_manage`.`maintenance_records` WHERE (`cnc_manage`.`maintenance_records`.`createdAt` >= ? AND `cnc_manage`.`maintenance_records`.`createdAt` <= ? AND `cnc_manage`.`maintenance_records`.`repairVendor` IS NOT NULL) GROUP BY `cnc_manage`.`maintenance_records`.`repairVendor` ORDER BY COUNT(`cnc_manage`.`maintenance_records`.`id`) DESC
prisma:query SELECT COUNT(`cnc_manage`.`maintenance_records`.`id`), SUM(`cnc_manage`.`maintenance_records`.`cost`), `cnc_manage`.`maintenance_records`.`createdAt` FROM `cnc_manage`.`maintenance_records` WHERE `cnc_manage`.`maintenance_records`.`createdAt` >= ? GROUP BY `cnc_manage`.`maintenance_records`.`createdAt` ORDER BY `cnc_manage`.`maintenance_records`.`createdAt` DESC
prisma:query SELECT `cnc_manage`.`tools`.`id`, `cnc_manage`.`tools`.`toolCode`, `cnc_manage`.`tools`.`name`, `cnc_manage`.`tools`.`maintenanceCount` FROM `cnc_manage`.`tools` WHERE `cnc_manage`.`tools`.`maintenanceCount` > ? ORDER BY `cnc_manage`.`tools`.`maintenanceCount` DESC LIMIT ? OFFSET ?
prisma:query SELECT COUNT(*) FROM (SELECT `cnc_manage`.`maintenance_records`.`id` FROM `cnc_manage`.`maintenance_records` WHERE (`cnc_manage`.`maintenance_records`.`createdAt` >= ? AND `cnc_manage`.`maintenance_records`.`createdAt` <= ?)) AS `sub`
prisma:query SELECT COUNT(*) FROM (SELECT `cnc_manage`.`maintenance_records`.`id` FROM `cnc_manage`.`maintenance_records` WHERE (`cnc_manage`.`maintenance_records`.`createdAt` >= ? AND `cnc_manage`.`maintenance_records`.`createdAt` <= ? AND `cnc_manage`.`maintenance_records`.`status` = ?)) AS `sub`
prisma:query SELECT `cnc_manage`.`stocktakings`.`id`, `cnc_manage`.`stocktakings`.`stocktakingNo`, `cnc_manage`.`stocktakings`.`status`, `cnc_manage`.`stocktakings`.`operatorId`, `cnc_manage`.`stocktakings`.`completedAt`, `cnc_manage`.`stocktakings`.`notes`, `cnc_manage`.`stocktakings`.`createdAt`, COALESCE(`aggr_selection_0_StocktakingItem`.`_aggr_count_items`, 0) AS `_aggr_count_items` FROM `cnc_manage`.`stocktakings` LEFT JOIN (SELECT `cnc_manage`.`stocktaking_items`.`stocktakingId`, COUNT(*) AS `_aggr_count_items` FROM `cnc_manage`.`stocktaking_items` WHERE 1=1 GROUP BY `cnc_manage`.`stocktaking_items`.`stocktakingId`) AS `aggr_selection_0_StocktakingItem` ON (`cnc_manage`.`stocktakings`.`id` = `aggr_selection_0_StocktakingItem`.`stocktakingId`) WHERE 1=1 ORDER BY `cnc_manage`.`stocktakings`.`createdAt` DESC LIMIT ? OFFSET ?
prisma:query SELECT `cnc_manage`.`users`.`id`, `cnc_manage`.`users`.`displayName` FROM `cnc_manage`.`users` WHERE `cnc_manage`.`users`.`id` IN (?)
prisma:query SELECT `cnc_manage`.`tool_categories`.`id`, `cnc_manage`.`tool_categories`.`code`, `cnc_manage`.`tool_categories`.`name`, `cnc_manage`.`tool_categories`.`description`, `cnc_manage`.`tool_categories`.`counter`, `cnc_manage`.`tool_categories`.`createdAt`, `cnc_manage`.`tool_categories`.`updatedAt` FROM `cnc_manage`.`tool_categories` WHERE 1=1 ORDER BY `cnc_manage`.`tool_categories`.`code` ASC
prisma:query SELECT `cnc_manage`.`locations`.`id`, `cnc_manage`.`locations`.`code`, `cnc_manage`.`locations`.`name`, `cnc_manage`.`locations`.`description`, `cnc_manage`.`locations`.`createdAt`, `cnc_manage`.`locations`.`updatedAt` FROM `cnc_manage`.`locations` WHERE 1=1 ORDER BY `cnc_manage`.`locations`.`code` ASC
prisma:query SELECT `cnc_manage`.`specs`.`id`, `cnc_manage`.`specs`.`name`, `cnc_manage`.`specs`.`categoryId`, `cnc_manage`.`specs`.`createdAt`, `cnc_manage`.`specs`.`updatedAt` FROM `cnc_manage`.`specs` WHERE 1=1 ORDER BY `cnc_manage`.`specs`.`name` ASC
prisma:query SELECT `cnc_manage`.`users`.`id`, `cnc_manage`.`users`.`username`, `cnc_manage`.`users`.`displayName`, `cnc_manage`.`users`.`role`, `cnc_manage`.`users`.`active`, `cnc_manage`.`users`.`createdAt` FROM `cnc_manage`.`users` WHERE 1=1 ORDER BY `cnc_manage`.`users`.`createdAt` ASC
prisma:query SELECT `cnc_manage`.`repair_vendors`.`id`, `cnc_manage`.`repair_vendors`.`name`, `cnc_manage`.`repair_vendors`.`createdAt`, `cnc_manage`.`repair_vendors`.`updatedAt` FROM `cnc_manage`.`repair_vendors` WHERE 1=1 ORDER BY `cnc_manage`.`repair_vendors`.`name` ASC
prisma:query SELECT `cnc_manage`.`factories`.`id`, `cnc_manage`.`factories`.`name`, `cnc_manage`.`factories`.`code`, `cnc_manage`.`factories`.`description`, `cnc_manage`.`factories`.`createdAt`, `cnc_manage`.`factories`.`updatedAt` FROM `cnc_manage`.`factories` WHERE 1=1 ORDER BY `cnc_manage`.`factories`.`code` ASC
prisma:query SELECT COUNT(*) FROM (SELECT `cnc_manage`.`tools`.`id` FROM `cnc_manage`.`tools` WHERE (`cnc_manage`.`tools`.`quantity` <= ? AND `cnc_manage`.`tools`.`status` <> ?)) AS `sub`
prisma:query SELECT `cnc_manage`.`factories`.`id`, `cnc_manage`.`factories`.`name`, `cnc_manage`.`factories`.`code`, `cnc_manage`.`factories`.`description`, `cnc_manage`.`factories`.`createdAt`, `cnc_manage`.`factories`.`updatedAt` FROM `cnc_manage`.`factories` WHERE 1=1
prisma:query SELECT COUNT(*) FROM (SELECT `cnc_manage`.`tools`.`id` FROM `cnc_manage`.`tools` WHERE `cnc_manage`.`tools`.`status` = ?) AS `sub`
prisma:query SELECT `cnc_manage`.`tool_transactions`.`id`, `cnc_manage`.`tool_transactions`.`toolId`, `cnc_manage`.`tool_transactions`.`type`, `cnc_manage`.`tool_transactions`.`quantity`, `cnc_manage`.`tool_transactions`.`factoryId`, `cnc_manage`.`tool_transactions`.`operatorId`, `cnc_manage`.`tool_transactions`.`referenceNo`, `cnc_manage`.`tool_transactions`.`notes`, `cnc_manage`.`tool_transactions`.`createdAt` FROM `cnc_manage`.`tool_transactions` WHERE 1=1 ORDER BY `cnc_manage`.`tool_transactions`.`createdAt` DESC LIMIT ? OFFSET ?
prisma:query SELECT `cnc_manage`.`maintenance_records`.`id`, `cnc_manage`.`maintenance_records`.`toolId`, `cnc_manage`.`maintenance_records`.`status`, `cnc_manage`.`maintenance_records`.`description`, `cnc_manage`.`maintenance_records`.`cost`, `cnc_manage`.`maintenance_records`.`repairVendor`, `cnc_manage`.`maintenance_records`.`reporterId`, `cnc_manage`.`maintenance_records`.`completedAt`, `cnc_manage`.`maintenance_records`.`notes`, `cnc_manage`.`maintenance_records`.`createdAt` FROM `cnc_manage`.`maintenance_records` WHERE 1=1 ORDER BY `cnc_manage`.`maintenance_records`.`createdAt` DESC LIMIT ? OFFSET ?
prisma:query SELECT COUNT(*) FROM (SELECT `cnc_manage`.`tools`.`id` FROM `cnc_manage`.`tools` WHERE `cnc_manage`.`tools`.`status` <> ?) AS `sub`
prisma:query SELECT COUNT(*) FROM (SELECT `cnc_manage`.`tools`.`id` FROM `cnc_manage`.`tools` WHERE `cnc_manage`.`tools`.`status` = ?) AS `sub`
prisma:query SELECT `cnc_manage`.`tools`.`id`, `cnc_manage`.`tools`.`toolCode`, `cnc_manage`.`tools`.`name` FROM `cnc_manage`.`tools` WHERE `cnc_manage`.`tools`.`id` IN (?,?,?,?,?)
prisma:query SELECT `cnc_manage`.`tool_transactions`.`id`, `cnc_manage`.`tool_transactions`.`quantity`, `cnc_manage`.`tool_transactions`.`factoryId` FROM `cnc_manage`.`tool_transactions` WHERE (`cnc_manage`.`tool_transactions`.`type` = ? AND `cnc_manage`.`tool_transactions`.`factoryId` IN (?))
prisma:query SELECT `cnc_manage`.`tools`.`id`, `cnc_manage`.`tools`.`toolCode`, `cnc_manage`.`tools`.`name` FROM `cnc_manage`.`tools` WHERE `cnc_manage`.`tools`.`id` IN (?)
